
[2026-08-18 21:08:23] Erro no login
Traceback (most recent call last):
  File "C:\Users\User\sala_do_futuro\server.py", line 378, in login_sed_progress
    ctx = browser.new_context(
        viewport={"width": 1280, "height": 720},
        user_agent="Mozilla/5.0 (Windows NT 10.0; Win64; x64) AppleWebKit/537.36 (KHTML, like Gecko) Chrome/131.0.0.0 Safari/537.36",
        locale="pt-BR",
    )
  File "C:\Python314\Lib\site-packages\playwright\sync_api\_generated.py", line 16125, in new_context
    self._sync(
    ~~~~~~~~~~^
        self._impl_obj.new_context(
        ^^^^^^^^^^^^^^^^^^^^^^^^^^^
    ...<36 lines>...
        )
        ^
    )
    ^
  File "C:\Python314\Lib\site-packages\playwright\_impl\_sync_base.py", line 113, in _sync
    self._dispatcher_fiber.switch()
    ~~~~~~~~~~~~~~~~~~~~~~~~~~~~~^^
greenlet.error: cannot switch to a different thread (which happens to have exited)


[2026-08-18 21:08:24] Erro no login
Traceback (most recent call last):
  File "C:\Users\User\sala_do_futuro\server.py", line 378, in login_sed_progress
    ctx = browser.new_context(
        viewport={"width": 1280, "height": 720},
        user_agent="Mozilla/5.0 (Windows NT 10.0; Win64; x64) AppleWebKit/537.36 (KHTML, like Gecko) Chrome/131.0.0.0 Safari/537.36",
        locale="pt-BR",
    )
  File "C:\Python314\Lib\site-packages\playwright\sync_api\_generated.py", line 16125, in new_context
    self._sync(
    ~~~~~~~~~~^
        self._impl_obj.new_context(
        ^^^^^^^^^^^^^^^^^^^^^^^^^^^
    ...<36 lines>...
        )
        ^
    )
    ^
  File "C:\Python314\Lib\site-packages\playwright\_impl\_sync_base.py", line 113, in _sync
    self._dispatcher_fiber.switch()
    ~~~~~~~~~~~~~~~~~~~~~~~~~~~~~^^
greenlet.error: cannot switch to a different thread (which happens to have exited)


[2026-08-18 21:08:32] Erro no login
Traceback (most recent call last):
  File "C:\Users\User\sala_do_futuro\server.py", line 378, in login_sed_progress
    ctx = browser.new_context(
        viewport={"width": 1280, "height": 720},
        user_agent="Mozilla/5.0 (Windows NT 10.0; Win64; x64) AppleWebKit/537.36 (KHTML, like Gecko) Chrome/131.0.0.0 Safari/537.36",
        locale="pt-BR",
    )
  File "C:\Python314\Lib\site-packages\playwright\sync_api\_generated.py", line 16125, in new_context
    self._sync(
    ~~~~~~~~~~^
        self._impl_obj.new_context(
        ^^^^^^^^^^^^^^^^^^^^^^^^^^^
    ...<36 lines>...
        )
        ^
    )
    ^
  File "C:\Python314\Lib\site-packages\playwright\_impl\_sync_base.py", line 113, in _sync
    self._dispatcher_fiber.switch()
    ~~~~~~~~~~~~~~~~~~~~~~~~~~~~~^^
greenlet.error: cannot switch to a different thread (which happens to have exited)


[2026-08-18 21:08:32] Erro no login
Traceback (most recent call last):
  File "C:\Users\User\sala_do_futuro\server.py", line 378, in login_sed_progress
    ctx = browser.new_context(
        viewport={"width": 1280, "height": 720},
        user_agent="Mozilla/5.0 (Windows NT 10.0; Win64; x64) AppleWebKit/537.36 (KHTML, like Gecko) Chrome/131.0.0.0 Safari/537.36",
        locale="pt-BR",
    )
  File "C:\Python314\Lib\site-packages\playwright\sync_api\_generated.py", line 16125, in new_context
    self._sync(
    ~~~~~~~~~~^
        self._impl_obj.new_context(
        ^^^^^^^^^^^^^^^^^^^^^^^^^^^
    ...<36 lines>...
        )
        ^
    )
    ^
  File "C:\Python314\Lib\site-packages\playwright\_impl\_sync_base.py", line 113, in _sync
    self._dispatcher_fiber.switch()
    ~~~~~~~~~~~~~~~~~~~~~~~~~~~~~^^
greenlet.error: cannot switch to a different thread (which happens to have exited)


[2026-08-18 21:08:32] Erro no login
Traceback (most recent call last):
  File "C:\Users\User\sala_do_futuro\server.py", line 378, in login_sed_progress
    ctx = browser.new_context(
        viewport={"width": 1280, "height": 720},
        user_agent="Mozilla/5.0 (Windows NT 10.0; Win64; x64) AppleWebKit/537.36 (KHTML, like Gecko) Chrome/131.0.0.0 Safari/537.36",
        locale="pt-BR",
    )
  File "C:\Python314\Lib\site-packages\playwright\sync_api\_generated.py", line 16125, in new_context
    self._sync(
    ~~~~~~~~~~^
        self._impl_obj.new_context(
        ^^^^^^^^^^^^^^^^^^^^^^^^^^^
    ...<36 lines>...
        )
        ^
    )
    ^
  File "C:\Python314\Lib\site-packages\playwright\_impl\_sync_base.py", line 113, in _sync
    self._dispatcher_fiber.switch()
    ~~~~~~~~~~~~~~~~~~~~~~~~~~~~~^^
greenlet.error: cannot switch to a different thread (which happens to have exited)


[2026-08-18 22:00:32] [login-ok] sid=113579108_1787101231 token=0 sed_token=0 iptv=0 secure=0 codigo_aluno='' api_aluno=OK

[2026-08-18 22:00:32] [login-ok] ObterAlunoPorCodigo => {"message": "", "title": "Hub Integrações", "tipo": "Sucesso", "data": null, "isSucess": true}

[2026-08-18 22:00:36] [aluno-info] escola='' serie='' ano=''

[2026-08-18 22:11:11] [login-aviso] nenhum token encontrado no storage. chaves: ["ls_dtsrNOSR", "ls_sdf_web:state", "ls_dtsrVID", "ls_page-has-been-force-refreshed", "ls_dtsrE", "ss_sdf_web:state", "ss_dtSad991g0ha", "ss_AI_sentBuffer_1", "ss_rxvisitid", "ss_AI_buffer_1", "ss_dtsrTID", "ss_prevPageVisitData", "ss_rxVisitor", "ss_rxvt", "ss__cltk"]

[2026-08-18 22:11:12] [login-ok] sid=113579108_1787101871 token=0 sed_token=0 iptv=0 secure=0 codigo_aluno='' api_aluno=OK

[2026-08-18 22:11:12] [login-ok] ObterAlunoPorCodigo => {"message": "", "title": "Hub Integrações", "tipo": "Sucesso", "data": null, "isSucess": true}

[2026-08-18 22:11:24] [aluno-info] escola='' serie='' ano=''

[2026-08-18 22:12:21] [capture-ok] {"boletim": ["message", "title", "tipo", "data", "isSucess"], "presenca": ["message", "title", "tipo", "data", "isSucess"], "agenda": ["message", "title", "tipo", "data", "isSucess"]}

[2026-08-18 22:19:14] [login-aviso] nenhum token encontrado no storage. chaves: ["ls_dtsrNOSR", "ls_sdf_web:state", "ls_page-has-been-force-refreshed", "ss_sdf_web:state", "ss_dtSad991g0ha", "ss_AI_sentBuffer_1", "ss_rxvisitid", "ss_AI_buffer_1", "ss_prevPageVisitData", "ss_rxVisitor", "ss_rxvt", "ss__cltk"]

[2026-08-18 22:19:38] [collect-login] {"boletim": "dict", "presenca": "dict", "agenda": "dict"}

[2026-08-18 22:19:39] [login-ok] sid=113579108_1787102354 token=0 sed_token=0 iptv=0 secure=0 codigo_aluno='' api_aluno=OK

[2026-08-18 22:19:39] [login-ok] ObterAlunoPorCodigo => {"message": "", "title": "Hub Integrações", "tipo": "Sucesso", "data": null, "isSucess": true}

[2026-08-18 22:19:43] [aluno-info] escola='' serie='' ano=''

[2026-08-18 22:26:57] [login-aviso] nenhum token encontrado no storage. chaves: ["ls_dtsrNOSR", "ls_sdf_web:state", "ls_dtsrVID", "ls_page-has-been-force-refreshed", "ls_dtsrE", "ss_sdf_web:state", "ss_dtSad991g0ha", "ss_AI_sentBuffer_1", "ss_rxvisitid", "ss_AI_buffer_1", "ss_dtsrTID", "ss_prevPageVisitData", "ss_rxVisitor", "ss_rxvt", "ss__cltk"]

[2026-08-18 22:27:20] [collect-login] {"boletim": "dict", "presenca": "dict", "agenda": "dict"}

[2026-08-18 22:27:20] [login-aviso] cookies da sessao: []

[2026-08-18 22:27:21] [login-ok] sid=113579108_1787102817 token=0 sed_token=0 iptv=0 secure=0 codigo_aluno='' api_aluno=OK

[2026-08-18 22:27:21] [login-ok] ObterAlunoPorCodigo => {"message": "", "title": "Diário de Classe", "tipo": "Erro", "data": null, "isSuccess": false}

[2026-08-18 22:27:24] [aluno-info] escola='' serie='' ano=''

[2026-08-18 22:33:06] [login-aviso] nenhum token encontrado no storage. chaves: ["ls_dtsrNOSR", "ls_sdf_web:state", "ls_page-has-been-force-refreshed", "ss_sdf_web:state", "ss_dtSad991g0ha", "ss_AI_sentBuffer_1", "ss_rxvisitid", "ss_AI_buffer_1", "ss_prevPageVisitData", "ss_rxVisitor", "ss_rxvt", "ss__cltk"]

[2026-08-18 22:33:11] [collect-detail] boletim: envelope_keys=['message', 'title', 'tipo', 'data', 'isSucess'] data_tipo=list data_keys=n/a data_len=26 amostra=[{"alunoId": 31050321, "matriculaAlunoId": 900150329511, "turmaId": 40972747, "areaConhecimentoId": 0, "descricaoAreaConhecimento": "", "aprofundamentoCurricularId": 0, "nomeAprofundamento": "", "periodo": 0, "unidadeCurricularId": 0, "nomeUnidadeCurricular": "", "componenteCurricularId": 0, "nomeComponenteCurricular": "", "dataInicioMatricula": "2026-02-02T00:00:00", "numeroAluno": 15, "diretoria

[2026-08-18 22:33:17] [collect-detail] presenca: envelope_keys=['message', 'title', 'tipo', 'data', 'isSucess'] data_tipo=list data_keys=n/a data_len=1 amostra=[{"alunoId": 31050321, "totalFaltasBimestre": 6, "totalAulasRealizadas": 90, "porcentagemFaltas": 7, "nivelPorcentagemFaltas": 1, "porcentagemFrequencia": 93, "nivelPorcentagemFrequencia": 3}]

[2026-08-18 22:33:23] [collect-detail] agenda: envelope_keys=['message', 'title', 'tipo', 'data', 'isSucess'] data_tipo=dict data_keys=['agendaAluno', 'agendaEscola'] data_len=2 amostra={"agendaAluno": [{"alunoId": 31050321, "matriculaAlunoId": 900150329511, "escolaId": 915087, "turmaId": 40972747, "descricaoTurma": "1ª SERIE A TARDE ANUAL", "diaDaSemana": 2, "horaInicioAula": "12:50:00", "horaFimAula": "13:40:00", "disciplinaId": 2700, "nomeDisciplina": "MATEMATICA", "anoLetivo": 2026}, {"alunoId": 31050321, "matriculaAlunoId": 900150329511, "escolaId": 915087, "turmaId": 409727

[2026-08-18 22:33:29] [collect-login] {"boletim": "dict", "presenca": "dict", "agenda": "dict"}

[2026-08-18 22:33:29] [login-aviso] cookies da sessao: []

[2026-08-18 22:33:29] [login-ok] sid=113579108_1787103186 token=0 sed_token=0 iptv=0 secure=0 codigo_aluno='' api_aluno=OK

[2026-08-18 22:33:29] [login-ok] ObterAlunoPorCodigo => {"message": "", "title": "Diário de Classe", "tipo": "Erro", "data": null, "isSuccess": false}

[2026-08-18 22:33:32] [aluno-info] escola='' serie='' ano=''

[2026-08-18 22:38:21] [login-aviso] nenhum token encontrado no storage. chaves: ["ls_dtsrNOSR", "ls_sdf_web:state", "ls_page-has-been-force-refreshed", "ss_sdf_web:state", "ss_dtSad991g0ha", "ss_AI_sentBuffer_1", "ss_rxvisitid", "ss_AI_buffer_1", "ss_prevPageVisitData", "ss_rxVisitor", "ss_rxvt", "ss__cltk"]

[2026-08-18 22:38:26] [collect-detail] boletim: envelope_keys=['message', 'title', 'tipo', 'data', 'isSucess'] data_tipo=list data_keys=n/a data_len=26 amostra=[{"alunoId": 31050321, "matriculaAlunoId": 900150329511, "turmaId": 40972747, "areaConhecimentoId": 0, "descricaoAreaConhecimento": "", "aprofundamentoCurricularId": 0, "nomeAprofundamento": "", "periodo": 0, "unidadeCurricularId": 0, "nomeUnidadeCurricular": "", "componenteCurricularId": 0, "nomeComponenteCurricular": "", "dataInicioMatricula": "2026-02-02T00:00:00", "numeroAluno": 15, "diretoria

[2026-08-18 22:38:32] [collect-detail] presenca: envelope_keys=['message', 'title', 'tipo', 'data', 'isSucess'] data_tipo=list data_keys=n/a data_len=1 amostra=[{"alunoId": 31050321, "totalFaltasBimestre": 6, "totalAulasRealizadas": 90, "porcentagemFaltas": 7, "nivelPorcentagemFaltas": 1, "porcentagemFrequencia": 93, "nivelPorcentagemFrequencia": 3}]

[2026-08-18 22:38:38] [collect-detail] agenda: envelope_keys=['message', 'title', 'tipo', 'data', 'isSucess'] data_tipo=dict data_keys=['agendaAluno', 'agendaEscola'] data_len=2 amostra={"agendaAluno": [{"alunoId": 31050321, "matriculaAlunoId": 900150329511, "escolaId": 915087, "turmaId": 40972747, "descricaoTurma": "1ª SERIE A TARDE ANUAL", "diaDaSemana": 2, "horaInicioAula": "12:50:00", "horaFimAula": "13:40:00", "disciplinaId": 2700, "nomeDisciplina": "MATEMATICA", "anoLetivo": 2026}, {"alunoId": 31050321, "matriculaAlunoId": 900150329511, "escolaId": 915087, "turmaId": 409727

[2026-08-18 22:38:44] [collect-login] {"boletim": "dict", "presenca": "dict", "agenda": "dict"}

[2026-08-18 22:38:44] [login-aviso] cookies da sessao: []

[2026-08-18 22:38:44] [login-ok] sid=113579108_1787103501 token=0 sed_token=0 iptv=0 secure=0 codigo_aluno='' api_aluno=OK

[2026-08-18 22:38:44] [login-ok] ObterAlunoPorCodigo => {"message": "", "title": "Diário de Classe", "tipo": "Erro", "data": null, "isSuccess": false}

[2026-08-18 22:39:00] [aluno-info] escola='' serie='1ª SERIE' ano='2026'

[2026-08-18 22:45:27] [login-aviso] nenhum token encontrado no storage. chaves: ["ls_dtsrNOSR", "ls_sdf_web:state", "ls_dtsrVID", "ls_page-has-been-force-refreshed", "ls_dtsrE", "ss_sdf_web:state", "ss_dtSad991g0ha", "ss_AI_sentBuffer_1", "ss_rxvisitid", "ss_AI_buffer_1", "ss_dtsrTID", "ss_prevPageVisitData", "ss_rxVisitor", "ss_rxvt", "ss__cltk"]

[2026-08-18 22:45:30] [collect-detail] boletim: envelope_keys=['message', 'title', 'tipo', 'data', 'isSucess'] data_tipo=list data_keys=n/a data_len=26 amostra=[{"alunoId": 31050321, "matriculaAlunoId": 900150329511, "turmaId": 40972747, "areaConhecimentoId": 0, "descricaoAreaConhecimento": "", "aprofundamentoCurricularId": 0, "nomeAprofundamento": "", "periodo": 0, "unidadeCurricularId": 0, "nomeUnidadeCurricular": "", "componenteCurricularId": 0, "nomeComponenteCurricular": "", "dataInicioMatricula": "2026-02-02T00:00:00", "numeroAluno": 15, "diretoria

[2026-08-18 22:45:33] [collect-detail] presenca: envelope_keys=['message', 'title', 'tipo', 'data', 'isSucess'] data_tipo=list data_keys=n/a data_len=1 amostra=[{"alunoId": 31050321, "totalFaltasBimestre": 6, "totalAulasRealizadas": 90, "porcentagemFaltas": 7, "nivelPorcentagemFaltas": 1, "porcentagemFrequencia": 93, "nivelPorcentagemFrequencia": 3}]

[2026-08-18 22:45:37] [collect-detail] agenda: envelope_keys=['message', 'title', 'tipo', 'data', 'isSucess'] data_tipo=dict data_keys=['agendaAluno', 'agendaEscola'] data_len=2 amostra={"agendaAluno": [{"alunoId": 31050321, "matriculaAlunoId": 900150329511, "escolaId": 915087, "turmaId": 40972747, "descricaoTurma": "1ª SERIE A TARDE ANUAL", "diaDaSemana": 2, "horaInicioAula": "12:50:00", "horaFimAula": "13:40:00", "disciplinaId": 2700, "nomeDisciplina": "MATEMATICA", "anoLetivo": 2026}, {"alunoId": 31050321, "matriculaAlunoId": 900150329511, "escolaId": 915087, "turmaId": 409727

[2026-08-18 22:45:40] [collect-detail] tarefas: envelope_keys=list data_tipo=NoneType data_keys=n/a data_len=n/a amostra=null

[2026-08-18 22:45:40] [collect-login] {"boletim": "dict", "presenca": "dict", "agenda": "dict", "tarefas": 13}

[2026-08-18 22:45:40] [login-aviso] cookies da sessao: []

[2026-08-18 22:45:40] [login-ok] sid=113579108_1787103927 token=0 sed_token=0 iptv=0 secure=0 codigo_aluno='' api_aluno=OK

[2026-08-18 22:45:40] [login-ok] ObterAlunoPorCodigo => {"message": "", "title": "Diário de Classe", "tipo": "Erro", "data": null, "isSuccess": false}

[2026-08-18 22:45:42] [aluno-info] escola='BAIRRO FERREIRA DOS MATOS' serie='1ª SERIE' ano='2026'

[2026-08-18 22:49:33] [login-aviso] nenhum token encontrado no storage. chaves: ["ls_dtsrNOSR", "ls_sdf_web:state", "ls_page-has-been-force-refreshed", "ss_sdf_web:state", "ss_dtSad991g0ha", "ss_AI_sentBuffer_1", "ss_rxvisitid", "ss_AI_buffer_1", "ss_prevPageVisitData", "ss_rxVisitor", "ss_rxvt", "ss__cltk"]

[2026-08-18 22:49:37] [collect-detail] boletim: envelope_keys=['message', 'title', 'tipo', 'data', 'isSucess'] data_tipo=list data_keys=n/a data_len=26 amostra=[{"alunoId": 31050321, "matriculaAlunoId": 900150329511, "turmaId": 40972747, "areaConhecimentoId": 0, "descricaoAreaConhecimento": "", "aprofundamentoCurricularId": 0, "nomeAprofundamento": "", "periodo": 0, "unidadeCurricularId": 0, "nomeUnidadeCurricular": "", "componenteCurricularId": 0, "nomeComponenteCurricular": "", "dataInicioMatricula": "2026-02-02T00:00:00", "numeroAluno": 15, "diretoria

[2026-08-18 22:49:40] [collect-detail] presenca: envelope_keys=['message', 'title', 'tipo', 'data', 'isSucess'] data_tipo=list data_keys=n/a data_len=1 amostra=[{"alunoId": 31050321, "totalFaltasBimestre": 6, "totalAulasRealizadas": 90, "porcentagemFaltas": 7, "nivelPorcentagemFaltas": 1, "porcentagemFrequencia": 93, "nivelPorcentagemFrequencia": 3}]

[2026-08-18 22:49:43] [collect-detail] agenda: envelope_keys=['message', 'title', 'tipo', 'data', 'isSucess'] data_tipo=dict data_keys=['agendaAluno', 'agendaEscola'] data_len=2 amostra={"agendaAluno": [{"alunoId": 31050321, "matriculaAlunoId": 900150329511, "escolaId": 915087, "turmaId": 40972747, "descricaoTurma": "1ª SERIE A TARDE ANUAL", "diaDaSemana": 2, "horaInicioAula": "12:50:00", "horaFimAula": "13:40:00", "disciplinaId": 2700, "nomeDisciplina": "MATEMATICA", "anoLetivo": 2026}, {"alunoId": 31050321, "matriculaAlunoId": 900150329511, "escolaId": 915087, "turmaId": 409727

[2026-08-18 22:49:46] [collect-detail] tarefas: envelope_keys=list data_tipo=NoneType data_keys=n/a data_len=n/a amostra=null

[2026-08-18 22:49:46] [collect-login] {"boletim": "dict", "presenca": "dict", "agenda": "dict", "tarefas": 13}

[2026-08-18 22:49:46] [login-aviso] cookies da sessao: []

[2026-08-18 22:49:47] [login-ok] sid=113579108_1787104173 token=0 sed_token=0 iptv=0 secure=0 codigo_aluno='' api_aluno=OK

[2026-08-18 22:49:47] [login-ok] ObterAlunoPorCodigo => {"message": "", "title": "Diário de Classe", "tipo": "Erro", "data": null, "isSuccess": false}

[2026-08-18 22:49:48] [aluno-info] escola='BAIRRO FERREIRA DOS MATOS' serie='1ª SERIE' ano='2026'

[2026-08-18 22:52:55] [login-aviso] nenhum token encontrado no storage. chaves: ["ls_dtsrNOSR", "ls_sdf_web:state", "ls_dtsrVID", "ls_page-has-been-force-refreshed", "ls_dtsrE", "ss_sdf_web:state", "ss_dtSad991g0ha", "ss_AI_sentBuffer_1", "ss_rxvisitid", "ss_AI_buffer_1", "ss_dtsrTID", "ss_prevPageVisitData", "ss_rxVisitor", "ss_rxvt", "ss__cltk"]

[2026-08-18 22:52:59] [collect-detail] boletim: envelope_keys=['message', 'title', 'tipo', 'data', 'isSucess'] data_tipo=list data_keys=n/a data_len=26 amostra=[{"alunoId": 31050321, "matriculaAlunoId": 900150329511, "turmaId": 40972747, "areaConhecimentoId": 0, "descricaoAreaConhecimento": "", "aprofundamentoCurricularId": 0, "nomeAprofundamento": "", "periodo": 0, "unidadeCurricularId": 0, "nomeUnidadeCurricular": "", "componenteCurricularId": 0, "nomeComponenteCurricular": "", "dataInicioMatricula": "2026-02-02T00:00:00", "numeroAluno": 15, "diretoria

[2026-08-18 22:53:02] [collect-detail] presenca: envelope_keys=['message', 'title', 'tipo', 'data', 'isSucess'] data_tipo=list data_keys=n/a data_len=1 amostra=[{"alunoId": 31050321, "totalFaltasBimestre": 6, "totalAulasRealizadas": 90, "porcentagemFaltas": 7, "nivelPorcentagemFaltas": 1, "porcentagemFrequencia": 93, "nivelPorcentagemFrequencia": 3}]

[2026-08-18 22:53:05] [collect-detail] agenda: envelope_keys=['message', 'title', 'tipo', 'data', 'isSucess'] data_tipo=list data_keys=n/a data_len=4 amostra=[{"escolaId": 915087, "anoLetivo": 2026, "flagLetivo": false, "descricaoEvento": "", "descricaoTipoEvento": "FERIADO/PONTO FACULTATIVO", "dataInicio": "2026-09-07T00:00:00", "dataFim": "2026-09-07T00:00:00", "flagAtivo": true}]

[2026-08-18 22:53:08] [collect-detail] tarefas: envelope_keys=list data_tipo=NoneType data_keys=n/a data_len=n/a amostra=null

[2026-08-18 22:53:08] [collect-login] {"boletim": "dict", "presenca": "dict", "agenda": "dict", "tarefas": 13}

[2026-08-18 22:53:08] [login-aviso] cookies da sessao: []

[2026-08-18 22:53:09] [login-ok] sid=113579108_1787104375 token=0 sed_token=0 iptv=0 secure=0 codigo_aluno='' api_aluno=OK

[2026-08-18 22:53:09] [login-ok] ObterAlunoPorCodigo => {"message": "", "title": "Diário de Classe", "tipo": "Erro", "data": null, "isSuccess": false}

[2026-08-18 22:53:09] [aluno-info] escola='' serie='' ano=''
